#-----------------------------------------------------------
# Vivado v2022.2 (64-bit)
# SW Build 3671981 on Fri Oct 14 05:00:03 MDT 2022
# IP Build 3669848 on Fri Oct 14 08:30:02 MDT 2022
# Start of session at: Tue Aug 27 21:30:12 2024
# Process ID: 50056
# Current directory: C:/Users/Yicheng Zhou/OneDrive/Desktop/UIUC/ECE 437/Sensors-and-Instrumentation/Lab 1/CP1_A/project_1/project_1.runs/impl_1
# Command line: vivado.exe -log intro.vdi -applog -product Vivado -messageDb vivado.pb -mode batch -source intro.tcl -notrace
# Log file: C:/Users/Yicheng Zhou/OneDrive/Desktop/UIUC/ECE 437/Sensors-and-Instrumentation/Lab 1/CP1_A/project_1/project_1.runs/impl_1/intro.vdi
# Journal file: C:/Users/Yicheng Zhou/OneDrive/Desktop/UIUC/ECE 437/Sensors-and-Instrumentation/Lab 1/CP1_A/project_1/project_1.runs/impl_1\vivado.jou
# Running On: DESKTOP-AENBBM7, OS: Windows, CPU Frequency: 2208 MHz, CPU Physical cores: 6, Host memory: 17071 MB
#-----------------------------------------------------------
source intro.tcl -notrace
