#-----------------------------------------------------------
# Vivado v2022.2 (64-bit)
# SW Build 3671981 on Fri Oct 14 05:00:03 MDT 2022
# IP Build 3669848 on Fri Oct 14 08:30:02 MDT 2022
# Start of session at: Mon Sep  2 11:11:41 2024
# Process ID: 12784
# Current directory: C:/Users/Yicheng Zhou/OneDrive/Desktop/UIUC/ECE 437/Sensors-and-Instrumentation/Lab 2/Lab/FPGA/project_1/project_1.runs/synth_1
# Command line: vivado.exe -log lab2_example.vds -product Vivado -mode batch -messageDb vivado.pb -notrace -source lab2_example.tcl
# Log file: C:/Users/Yicheng Zhou/OneDrive/Desktop/UIUC/ECE 437/Sensors-and-Instrumentation/Lab 2/Lab/FPGA/project_1/project_1.runs/synth_1/lab2_example.vds
# Journal file: C:/Users/Yicheng Zhou/OneDrive/Desktop/UIUC/ECE 437/Sensors-and-Instrumentation/Lab 2/Lab/FPGA/project_1/project_1.runs/synth_1\vivado.jou
# Running On: DESKTOP-AENBBM7, OS: Windows, CPU Frequency: 2208 MHz, CPU Physical cores: 6, Host memory: 17071 MB
#-----------------------------------------------------------
source lab2_example.tcl -notrace
